// Vitest Snapshot v1, https://vitest.dev/guide/snapshot.html

exports[`regression baseline > symbol values for the golden inputs 1`] = `
{
  "00": [
    105,
    0,
    2,
    106,
  ],
  "123": [
    104,
    17,
    18,
    19,
    8,
    106,
  ],
  "1234": [
    105,
    12,
    34,
    82,
    106,
  ],
  "12345": [
    104,
    17,
    99,
    23,
    45,
    53,
    106,
  ],
  "123456789012": [
    105,
    12,
    34,
    56,
    78,
    90,
    12,
    54,
    106,
  ],
  "7": [
    104,
    23,
    24,
    106,
  ],
  "ABC123456": [
    104,
    33,
    34,
    35,
    99,
    12,
    34,
    56,
    23,
    106,
  ],
  "CODE128": [
    104,
    35,
    47,
    36,
    37,
    17,
    18,
    24,
    26,
    106,
  ],
  "Code128.js": [
    104,
    35,
    79,
    68,
    69,
    17,
    18,
    24,
    14,
    74,
    83,
    68,
    106,
  ],
  "The quick brown fox jumps over 13 lazy dogs": [
    104,
    52,
    72,
    69,
    0,
    81,
    85,
    73,
    67,
    75,
    0,
    66,
    82,
    79,
    87,
    78,
    0,
    70,
    79,
    88,
    0,
    74,
    85,
    77,
    80,
    83,
    0,
    79,
    86,
    69,
    82,
    0,
    17,
    19,
    0,
    76,
    65,
    90,
    89,
    0,
    68,
    79,
    71,
    83,
    3,
    106,
  ],
  "a b-c_d!": [
    104,
    65,
    0,
    66,
    13,
    67,
    63,
    68,
    1,
    71,
    106,
  ],
  "hello": [
    104,
    72,
    69,
    76,
    76,
    79,
    5,
    106,
  ],
  "~|[]^\`": [
    104,
    94,
    92,
    59,
    61,
    62,
    64,
    55,
    106,
  ],
}
`;
